ESP-ROM:esp32s3-20210327
Build:Mar 27 2021
rst:0x1 (POWERON),boot:0x8 (SPI_FAST_FLASH_BOOT)
SPIWP:0xee
mode:DIO, clock div:1
load:0x3fce3808,len:0x370
load:0x403c9700,len:0x900
load:0x403cc700,len:0x2364
entry 0x403c98ac
[SYSTEM] System initialized
[FSM] UNKNOWN -> EMPTY
[PASSAGE_START] id=1,start_ms=5497
[SAMPLE] id=1,t_ms=0,distance_cm=90.41
[FSM] EMPTY -> ENTRY
[SAMPLE] id=1,t_ms=305,distance_cm=82.35
[SAMPLE] id=1,t_ms=611,distance_cm=74.28
[EVENT] VEHICLE_ENTERED | Started: 5497 ms
[FSM] ENTRY -> OCCUPIED
[SAMPLE] id=1,t_ms=915,distance_cm=67.66
[SAMPLE] id=1,t_ms=1220,distance_cm=62.91
[SAMPLE] id=1,t_ms=1524,distance_cm=58.17
[SAMPLE] id=1,t_ms=1828,distance_cm=53.39
[SAMPLE] id=1,t_ms=2131,distance_cm=52.17
[SAMPLE] id=1,t_ms=2436,distance_cm=54.97
[SAMPLE] id=1,t_ms=2740,distance_cm=57.83
[SAMPLE] id=1,t_ms=3044,distance_cm=60.69
[SAMPLE] id=1,t_ms=3348,distance_cm=65.48
[SAMPLE] id=1,t_ms=3654,distance_cm=72.39
[SAMPLE] id=1,t_ms=3959,distance_cm=79.34
[SAMPLE] id=1,t_ms=4264,distance_cm=86.32
[SAMPLE] id=1,t_ms=4571,distance_cm=93.26
[FSM] OCCUPIED -> EXIT
[EVENT] VEHICLE_EXITED | Total: 1
[PASSAGE_END] id=1,end_ms=11004
[FSM] EXIT -> EMPTY
[PASSAGE_START] id=2,start_ms=14431
[SAMPLE] id=2,t_ms=0,distance_cm=90.31
[FSM] EMPTY -> ENTRY
[SAMPLE] id=2,t_ms=305,distance_cm=78.99
[SAMPLE] id=2,t_ms=609,distance_cm=67.76
[EVENT] VEHICLE_ENTERED | Started: 14431 ms
[FSM] ENTRY -> OCCUPIED
[SAMPLE] id=2,t_ms=914,distance_cm=60.35
[SAMPLE] id=2,t_ms=1218,distance_cm=53.70
[SAMPLE] id=2,t_ms=1521,distance_cm=47.06
[SAMPLE] id=2,t_ms=1825,distance_cm=47.01
[SAMPLE] id=2,t_ms=2129,distance_cm=50.99
[SAMPLE] id=2,t_ms=2434,distance_cm=54.97
[SAMPLE] id=2,t_ms=2738,distance_cm=61.28
[SAMPLE] id=2,t_ms=3043,distance_cm=70.97
[SAMPLE] id=2,t_ms=3348,distance_cm=80.67
[SAMPLE] id=2,t_ms=3655,distance_cm=90.47
[FSM] OCCUPIED -> EXIT
[EVENT] VEHICLE_EXITED | Total: 2
[PASSAGE_END] id=2,end_ms=19022
[FSM] EXIT -> EMPTY
[PASSAGE_START] id=3,start_ms=23385
[SAMPLE] id=3,t_ms=0,distance_cm=92.34
[FSM] EMPTY -> ENTRY
[SAMPLE] id=3,t_ms=306,distance_cm=82.41
[SAMPLE] id=3,t_ms=612,distance_cm=72.49
[EVENT] VEHICLE_ENTERED | Started: 23385 ms
[FSM] ENTRY -> OCCUPIED
[SAMPLE] id=3,t_ms=916,distance_cm=64.04
[SAMPLE] id=3,t_ms=1221,distance_cm=58.17
[SAMPLE] id=3,t_ms=1524,distance_cm=52.36
[SAMPLE] id=3,t_ms=1828,distance_cm=46.51
[SAMPLE] id=3,t_ms=2132,distance_cm=47.56
[SAMPLE] id=3,t_ms=2436,distance_cm=51.07
[SAMPLE] id=3,t_ms=2741,distance_cm=54.57
[SAMPLE] id=3,t_ms=3045,distance_cm=58.67
[SAMPLE] id=3,t_ms=3349,distance_cm=67.18
[SAMPLE] id=3,t_ms=3655,distance_cm=75.75
[SAMPLE] id=3,t_ms=3960,distance_cm=84.24
[SAMPLE] id=3,t_ms=4267,distance_cm=92.82
[FSM] OCCUPIED -> EXIT
[EVENT] VEHICLE_EXITED | Total: 3
[PASSAGE_END] id=3,end_ms=28588
[FSM] EXIT -> EMPTY
[PASSAGE_START] id=4,start_ms=32327
[SAMPLE] id=4,t_ms=0,distance_cm=94.75
[FSM] EMPTY -> ENTRY
[SAMPLE] id=4,t_ms=306,distance_cm=86.02
[SAMPLE] id=4,t_ms=612,distance_cm=77.36
[EVENT] VEHICLE_ENTERED | Started: 32327 ms
[FSM] ENTRY -> OCCUPIED
[SAMPLE] id=4,t_ms=917,distance_cm=68.81
[SAMPLE] id=4,t_ms=1222,distance_cm=63.70
[SAMPLE] id=4,t_ms=1527,distance_cm=58.62
[SAMPLE] id=4,t_ms=1831,distance_cm=53.49
[SAMPLE] id=4,t_ms=2134,distance_cm=50.23
[SAMPLE] id=4,t_ms=2439,distance_cm=53.30
[SAMPLE] id=4,t_ms=2743,distance_cm=56.35
[SAMPLE] id=4,t_ms=3047,distance_cm=59.41
[SAMPLE] id=4,t_ms=3351,distance_cm=64.33
[SAMPLE] id=4,t_ms=3657,distance_cm=71.76
[SAMPLE] id=4,t_ms=3962,distance_cm=79.25
[SAMPLE] id=4,t_ms=4267,distance_cm=86.66
[SAMPLE] id=4,t_ms=4574,distance_cm=94.15
[FSM] OCCUPIED -> EXIT
[EVENT] VEHICLE_EXITED | Total: 4
[PASSAGE_END] id=4,end_ms=37837
[FSM] EXIT -> EMPTY
[PASSAGE_START] id=5,start_ms=41575
[SAMPLE] id=5,t_ms=0,distance_cm=86.97
[FSM] EMPTY -> ENTRY
[SAMPLE] id=5,t_ms=306,distance_cm=77.33
[SAMPLE] id=5,t_ms=610,distance_cm=68.60
[EVENT] VEHICLE_ENTERED | Started: 41575 ms
[FSM] ENTRY -> OCCUPIED
[SAMPLE] id=5,t_ms=915,distance_cm=62.91
[SAMPLE] id=5,t_ms=1219,distance_cm=57.21
[SAMPLE] id=5,t_ms=1522,distance_cm=51.52
[SAMPLE] id=5,t_ms=1827,distance_cm=53.99
[SAMPLE] id=5,t_ms=2131,distance_cm=57.40
[SAMPLE] id=5,t_ms=2435,distance_cm=60.78
[SAMPLE] id=5,t_ms=2739,distance_cm=67.02
[SAMPLE] id=5,t_ms=3045,distance_cm=75.31
[SAMPLE] id=5,t_ms=3350,distance_cm=83.61
[SAMPLE] id=5,t_ms=3657,distance_cm=91.94
[FSM] OCCUPIED -> EXIT
[EVENT] VEHICLE_EXITED | Total: 5
[PASSAGE_END] id=5,end_ms=46168
[FSM] EXIT -> EMPTY
[PASSAGE_START] id=6,start_ms=50531
[SAMPLE] id=6,t_ms=0,distance_cm=88.73
[FSM] EMPTY -> ENTRY
[SAMPLE] id=6,t_ms=305,distance_cm=79.44
[SAMPLE] id=6,t_ms=609,distance_cm=70.23
[EVENT] VEHICLE_ENTERED | Started: 50531 ms
[FSM] ENTRY -> OCCUPIED
[SAMPLE] id=6,t_ms=914,distance_cm=64.72
[SAMPLE] id=6,t_ms=1219,distance_cm=59.25
[SAMPLE] id=6,t_ms=1523,distance_cm=53.78
[SAMPLE] id=6,t_ms=1827,distance_cm=53.75
[SAMPLE] id=6,t_ms=2131,distance_cm=57.04
[SAMPLE] id=6,t_ms=2435,distance_cm=60.30
[SAMPLE] id=6,t_ms=2739,distance_cm=64.64
[SAMPLE] id=6,t_ms=3045,distance_cm=72.65
[SAMPLE] id=6,t_ms=3350,distance_cm=80.67
[SAMPLE] id=6,t_ms=3657,distance_cm=88.68
[FSM] OCCUPIED -> EXIT
[EVENT] VEHICLE_EXITED | Total: 6
[PASSAGE_END] id=6,end_ms=55124
[FSM] EXIT -> EMPTY
[PASSAGE_START] id=7,start_ms=59487
[SAMPLE] id=7,t_ms=0,distance_cm=89.03
[FSM] EMPTY -> ENTRY
[SAMPLE] id=7,t_ms=305,distance_cm=78.80
[SAMPLE] id=7,t_ms=609,distance_cm=68.60
[EVENT] VEHICLE_ENTERED | Started: 59487 ms
[FSM] ENTRY -> OCCUPIED
[SAMPLE] id=7,t_ms=914,distance_cm=61.96
[SAMPLE] id=7,t_ms=1218,distance_cm=55.96
[SAMPLE] id=7,t_ms=1521,distance_cm=49.89
[SAMPLE] id=7,t_ms=1825,distance_cm=48.29
[SAMPLE] id=7,t_ms=2129,distance_cm=51.91
[SAMPLE] id=7,t_ms=2434,distance_cm=55.57
[SAMPLE] id=7,t_ms=2738,distance_cm=59.46
[SAMPLE] id=7,t_ms=3042,distance_cm=68.21
[SAMPLE] id=7,t_ms=3348,distance_cm=77.02
[SAMPLE] id=7,t_ms=3653,distance_cm=85.82
[SAMPLE] id=7,t_ms=3960,distance_cm=94.70
[FSM] OCCUPIED -> EXIT
[EVENT] VEHICLE_EXITED | Total: 7
[PASSAGE_END] id=7,end_ms=64383
[FSM] EXIT -> EMPTY
[PASSAGE_START] id=8,start_ms=68434
[SAMPLE] id=8,t_ms=0,distance_cm=91.94
[FSM] EMPTY -> ENTRY
[SAMPLE] id=8,t_ms=306,distance_cm=83.16
[SAMPLE] id=8,t_ms=612,distance_cm=74.40
[EVENT] VEHICLE_ENTERED | Started: 68434 ms
[FSM] ENTRY -> OCCUPIED
[SAMPLE] id=8,t_ms=917,distance_cm=67.66
[SAMPLE] id=8,t_ms=1222,distance_cm=62.51
[SAMPLE] id=8,t_ms=1526,distance_cm=57.40
[SAMPLE] id=8,t_ms=1829,distance_cm=52.26
[SAMPLE] id=8,t_ms=2134,distance_cm=54.97
[SAMPLE] id=8,t_ms=2438,distance_cm=58.07
[SAMPLE] id=8,t_ms=2742,distance_cm=61.14
[SAMPLE] id=8,t_ms=3046,distance_cm=65.94
[SAMPLE] id=8,t_ms=3352,distance_cm=73.33
[SAMPLE] id=8,t_ms=3657,distance_cm=80.88
[SAMPLE] id=8,t_ms=3964,distance_cm=88.39
[FSM] OCCUPIED -> EXIT
[EVENT] VEHICLE_EXITED | Total: 8
[PASSAGE_END] id=8,end_ms=73334
[FSM] EXIT -> EMPTY
[PASSAGE_START] id=9,start_ms=77385
[SAMPLE] id=9,t_ms=0,distance_cm=92.63
[FSM] EMPTY -> ENTRY
[SAMPLE] id=9,t_ms=306,distance_cm=83.21
[SAMPLE] id=9,t_ms=612,distance_cm=73.83
[EVENT] VEHICLE_ENTERED | Started: 77385 ms
[FSM] ENTRY -> OCCUPIED
[SAMPLE] id=9,t_ms=916,distance_cm=65.94
[SAMPLE] id=9,t_ms=1221,distance_cm=60.04
[SAMPLE] id=9,t_ms=1525,distance_cm=54.54
[SAMPLE] id=9,t_ms=1828,distance_cm=49.01
[SAMPLE] id=9,t_ms=2132,distance_cm=48.81
[SAMPLE] id=9,t_ms=2436,distance_cm=52.07
[SAMPLE] id=9,t_ms=2741,distance_cm=55.36
[SAMPLE] id=9,t_ms=3045,distance_cm=58.72
[SAMPLE] id=9,t_ms=3349,distance_cm=66.28
[SAMPLE] id=9,t_ms=3655,distance_cm=74.36
[SAMPLE] id=9,t_ms=3960,distance_cm=82.46
[SAMPLE] id=9,t_ms=4267,distance_cm=90.55
[FSM] OCCUPIED -> EXIT
[EVENT] VEHICLE_EXITED | Total: 9
[PASSAGE_END] id=9,end_ms=82588
[FSM] EXIT -> EMPTY
[PASSAGE_START] id=10,start_ms=86327
[SAMPLE] id=10,t_ms=0,distance_cm=94.10
[FSM] EMPTY -> ENTRY
[SAMPLE] id=10,t_ms=306,distance_cm=84.94
[SAMPLE] id=10,t_ms=612,distance_cm=75.75
[EVENT] VEHICLE_ENTERED | Started: 86327 ms
[FSM] ENTRY -> OCCUPIED
[SAMPLE] id=10,t_ms=917,distance_cm=66.58
[SAMPLE] id=10,t_ms=1222,distance_cm=60.64
[SAMPLE] id=10,t_ms=1526,distance_cm=55.22
[SAMPLE] id=10,t_ms=1829,distance_cm=49.80
[SAMPLE] id=10,t_ms=2133,distance_cm=44.45
[SAMPLE] id=10,t_ms=2436,distance_cm=46.12
[SAMPLE] id=10,t_ms=2740,distance_cm=49.36
[SAMPLE] id=10,t_ms=3044,distance_cm=52.60
[SAMPLE] id=10,t_ms=3349,distance_cm=55.81
[SAMPLE] id=10,t_ms=3653,distance_cm=62.72
[SAMPLE] id=10,t_ms=3959,distance_cm=70.62
[SAMPLE] id=10,t_ms=4264,distance_cm=78.51
[SAMPLE] id=10,t_ms=4569,distance_cm=86.42
[SAMPLE] id=10,t_ms=4876,distance_cm=94.36
[FSM] OCCUPIED -> EXIT
[EVENT] VEHICLE_EXITED | Total: 10
[PASSAGE_END] id=10,end_ms=92139
[FSM] EXIT -> EMPTY
[PASSAGE_START] id=11,start_ms=95565
[SAMPLE] id=11,t_ms=0,distance_cm=87.10
[FSM] EMPTY -> ENTRY
[SAMPLE] id=11,t_ms=306,distance_cm=77.28
[SAMPLE] id=11,t_ms=610,distance_cm=68.31
[EVENT] VEHICLE_ENTERED | Started: 95565 ms
[FSM] ENTRY -> OCCUPIED
[SAMPLE] id=11,t_ms=915,distance_cm=62.51
[SAMPLE] id=11,t_ms=1219,distance_cm=56.75
[SAMPLE] id=11,t_ms=1522,distance_cm=50.95
[SAMPLE] id=11,t_ms=1827,distance_cm=53.83
[SAMPLE] id=11,t_ms=2131,distance_cm=57.26
[SAMPLE] id=11,t_ms=2435,distance_cm=60.78
[SAMPLE] id=11,t_ms=2739,distance_cm=67.52
[SAMPLE] id=11,t_ms=3045,distance_cm=75.94
[SAMPLE] id=11,t_ms=3350,distance_cm=84.45
[SAMPLE] id=11,t_ms=3657,distance_cm=92.92
[FSM] OCCUPIED -> EXIT
[EVENT] VEHICLE_EXITED | Total: 11
[PASSAGE_END] id=11,end_ms=100158
[FSM] EXIT -> EMPTY
[PASSAGE_START] id=12,start_ms=104521
[SAMPLE] id=12,t_ms=0,distance_cm=88.58
[FSM] EMPTY -> ENTRY
[SAMPLE] id=12,t_ms=305,distance_cm=79.54
[SAMPLE] id=12,t_ms=610,distance_cm=70.47
[EVENT] VEHICLE_ENTERED | Started: 104521 ms
[FSM] ENTRY -> OCCUPIED
[SAMPLE] id=12,t_ms=914,distance_cm=63.51
[SAMPLE] id=12,t_ms=1219,distance_cm=58.17
[SAMPLE] id=12,t_ms=1522,distance_cm=52.80
[SAMPLE] id=12,t_ms=1826,distance_cm=47.45
[SAMPLE] id=12,t_ms=2130,distance_cm=47.66
[SAMPLE] id=12,t_ms=2434,distance_cm=50.83
[SAMPLE] id=12,t_ms=2739,distance_cm=54.04
[SAMPLE] id=12,t_ms=3043,distance_cm=57.21
[SAMPLE] id=12,t_ms=3347,distance_cm=63.80
[SAMPLE] id=12,t_ms=3653,distance_cm=71.60
[SAMPLE] id=12,t_ms=3958,distance_cm=79.39
[SAMPLE] id=12,t_ms=4263,distance_cm=87.21
[FSM] OCCUPIED -> EXIT
[EVENT] VEHICLE_EXITED | Total: 12
[PASSAGE_END] id=12,end_ms=109721
[FSM] EXIT -> EMPTY
[PASSAGE_START] id=13,start_ms=113460
[SAMPLE] id=13,t_ms=0,distance_cm=90.55
[FSM] EMPTY -> ENTRY
[SAMPLE] id=13,t_ms=305,distance_cm=81.41
[SAMPLE] id=13,t_ms=611,distance_cm=72.25
[EVENT] VEHICLE_ENTERED | Started: 113460 ms
[FSM] ENTRY -> OCCUPIED
[SAMPLE] id=13,t_ms=915,distance_cm=65.08
[SAMPLE] id=13,t_ms=1220,distance_cm=59.65
[SAMPLE] id=13,t_ms=1524,distance_cm=54.28
[SAMPLE] id=13,t_ms=1827,distance_cm=48.91
[SAMPLE] id=13,t_ms=2131,distance_cm=50.54
[SAMPLE] id=13,t_ms=2436,distance_cm=53.75
[SAMPLE] id=13,t_ms=2740,distance_cm=56.99
[SAMPLE] id=13,t_ms=3044,distance_cm=60.69
[SAMPLE] id=13,t_ms=3348,distance_cm=68.50
[SAMPLE] id=13,t_ms=3654,distance_cm=76.44
[SAMPLE] id=13,t_ms=3959,distance_cm=84.29
[SAMPLE] id=13,t_ms=4266,distance_cm=92.23
[FSM] OCCUPIED -> EXIT
[EVENT] VEHICLE_EXITED | Total: 13
[PASSAGE_END] id=13,end_ms=118662
[FSM] EXIT -> EMPTY
[PASSAGE_START] id=14,start_ms=122401
[SAMPLE] id=14,t_ms=0,distance_cm=92.03
[FSM] EMPTY -> ENTRY
[SAMPLE] id=14,t_ms=306,distance_cm=81.46
[SAMPLE] id=14,t_ms=612,distance_cm=70.97
[EVENT] VEHICLE_ENTERED | Started: 122401 ms
[FSM] ENTRY -> OCCUPIED
[SAMPLE] id=14,t_ms=916,distance_cm=63.75
[SAMPLE] id=14,t_ms=1221,distance_cm=57.54
[SAMPLE] id=14,t_ms=1524,distance_cm=51.33
[SAMPLE] id=14,t_ms=1828,distance_cm=50.94
[SAMPLE] id=14,t_ms=2133,distance_cm=54.67
[SAMPLE] id=14,t_ms=2437,distance_cm=58.38
[SAMPLE] id=14,t_ms=2741,distance_cm=64.24
[SAMPLE] id=14,t_ms=3047,distance_cm=73.33
[SAMPLE] id=14,t_ms=3352,distance_cm=82.35
[SAMPLE] id=14,t_ms=3659,distance_cm=91.44
[FSM] OCCUPIED -> EXIT
[EVENT] VEHICLE_EXITED | Total: 14
[PASSAGE_END] id=14,end_ms=126996
[FSM] EXIT -> EMPTY
[PASSAGE_START] id=15,start_ms=131359
[SAMPLE] id=15,t_ms=0,distance_cm=93.02
[FSM] EMPTY -> ENTRY
[SAMPLE] id=15,t_ms=306,distance_cm=82.54
[SAMPLE] id=15,t_ms=612,distance_cm=72.20
[EVENT] VEHICLE_ENTERED | Started: 131359 ms
[FSM] ENTRY -> OCCUPIED
[SAMPLE] id=15,t_ms=916,distance_cm=63.30
[SAMPLE] id=15,t_ms=1221,distance_cm=57.14
[SAMPLE] id=15,t_ms=1524,distance_cm=51.02
[SAMPLE] id=15,t_ms=1828,distance_cm=44.90
[SAMPLE] id=15,t_ms=2131,distance_cm=46.61
[SAMPLE] id=15,t_ms=2435,distance_cm=50.28
[SAMPLE] id=15,t_ms=2740,distance_cm=53.99
[SAMPLE] id=15,t_ms=3044,distance_cm=58.96
[SAMPLE] id=15,t_ms=3348,distance_cm=67.91
[SAMPLE] id=15,t_ms=3654,distance_cm=76.83
[SAMPLE] id=15,t_ms=3959,distance_cm=85.78
[FSM] OCCUPIED -> EXIT
[EVENT] VEHICLE_EXITED | Total: 15
[PASSAGE_END] id=15,end_ms=136255
[FSM] EXIT -> EMPTY
[PASSAGE_START] id=16,start_ms=140617
[SAMPLE] id=16,t_ms=0,distance_cm=85.39
[FSM] EMPTY -> ENTRY
[SAMPLE] id=16,t_ms=306,distance_cm=75.99
[SAMPLE] id=16,t_ms=610,distance_cm=66.63
[EVENT] VEHICLE_ENTERED | Started: 140617 ms
[FSM] ENTRY -> OCCUPIED
[SAMPLE] id=16,t_ms=915,distance_cm=61.09
[SAMPLE] id=16,t_ms=1219,distance_cm=55.57
[SAMPLE] id=16,t_ms=1522,distance_cm=49.99
[SAMPLE] id=16,t_ms=1826,distance_cm=46.72
[SAMPLE] id=16,t_ms=2130,distance_cm=50.04
[SAMPLE] id=16,t_ms=2435,distance_cm=53.35
[SAMPLE] id=16,t_ms=2739,distance_cm=56.70
[SAMPLE] id=16,t_ms=3043,distance_cm=62.41
[SAMPLE] id=16,t_ms=3349,distance_cm=70.47
[SAMPLE] id=16,t_ms=3654,distance_cm=78.60
[SAMPLE] id=16,t_ms=3959,distance_cm=86.71
[FSM] OCCUPIED -> EXIT
[EVENT] VEHICLE_EXITED | Total: 16
[PASSAGE_END] id=16,end_ms=145513
[FSM] EXIT -> EMPTY
[PASSAGE_START] id=17,start_ms=149563
[SAMPLE] id=17,t_ms=0,distance_cm=87.16
[FSM] EMPTY -> ENTRY
[SAMPLE] id=17,t_ms=306,distance_cm=77.23
[SAMPLE] id=17,t_ms=610,distance_cm=68.45
[EVENT] VEHICLE_ENTERED | Started: 149563 ms
[FSM] ENTRY -> OCCUPIED
[SAMPLE] id=17,t_ms=915,distance_cm=62.56
[SAMPLE] id=17,t_ms=1220,distance_cm=56.70
[SAMPLE] id=17,t_ms=1523,distance_cm=51.91
[SAMPLE] id=17,t_ms=1828,distance_cm=55.41
[SAMPLE] id=17,t_ms=2132,distance_cm=58.96
[SAMPLE] id=17,t_ms=2436,distance_cm=62.46
[SAMPLE] id=17,t_ms=2742,distance_cm=70.73
[SAMPLE] id=17,t_ms=3047,distance_cm=79.30
[SAMPLE] id=17,t_ms=3353,distance_cm=87.84
[FSM] OCCUPIED -> EXIT
[EVENT] VEHICLE_EXITED | Total: 17
[PASSAGE_END] id=17,end_ms=153852
[FSM] EXIT -> EMPTY
[PASSAGE_START] id=18,start_ms=158527
[SAMPLE] id=18,t_ms=0,distance_cm=88.05
[FSM] EMPTY -> ENTRY
[SAMPLE] id=18,t_ms=305,distance_cm=77.81
[SAMPLE] id=18,t_ms=609,distance_cm=68.31
[EVENT] VEHICLE_ENTERED | Started: 158527 ms
[FSM] ENTRY -> OCCUPIED
[SAMPLE] id=18,t_ms=914,distance_cm=62.27
[SAMPLE] id=18,t_ms=1218,distance_cm=56.25
[SAMPLE] id=18,t_ms=1521,distance_cm=50.23
[SAMPLE] id=18,t_ms=1826,distance_cm=53.30
[SAMPLE] id=18,t_ms=2130,distance_cm=56.90
[SAMPLE] id=18,t_ms=2434,distance_cm=60.49
[SAMPLE] id=18,t_ms=2738,distance_cm=67.86
[SAMPLE] id=18,t_ms=3044,distance_cm=76.63
[SAMPLE] id=18,t_ms=3349,distance_cm=85.39
[SAMPLE] id=18,t_ms=3656,distance_cm=94.20
[FSM] OCCUPIED -> EXIT
[EVENT] VEHICLE_EXITED | Total: 18
[PASSAGE_END] id=18,end_ms=163119
[FSM] EXIT -> EMPTY
[PASSAGE_START] id=19,start_ms=167482
[SAMPLE] id=19,t_ms=0,distance_cm=89.87
[FSM] EMPTY -> ENTRY
[SAMPLE] id=19,t_ms=305,distance_cm=80.52
[SAMPLE] id=19,t_ms=611,distance_cm=71.21
[EVENT] VEHICLE_ENTERED | Started: 167482 ms
[FSM] ENTRY -> OCCUPIED
[SAMPLE] id=19,t_ms=915,distance_cm=64.54
[SAMPLE] id=19,t_ms=1220,distance_cm=59.01
[SAMPLE] id=19,t_ms=1524,distance_cm=53.54
[SAMPLE] id=19,t_ms=1827,distance_cm=49.01
[SAMPLE] id=19,t_ms=2131,distance_cm=52.31
[SAMPLE] id=19,t_ms=2436,distance_cm=55.62
[SAMPLE] id=19,t_ms=2740,distance_cm=58.91
[SAMPLE] id=19,t_ms=3044,distance_cm=64.69
[SAMPLE] id=19,t_ms=3350,distance_cm=72.70
[SAMPLE] id=19,t_ms=3655,distance_cm=80.78
[SAMPLE] id=19,t_ms=3962,distance_cm=88.84
[FSM] OCCUPIED -> EXIT
[EVENT] VEHICLE_EXITED | Total: 19
[PASSAGE_END] id=19,end_ms=172380
[FSM] EXIT -> EMPTY
[PASSAGE_START] id=20,start_ms=176431
[SAMPLE] id=20,t_ms=0,distance_cm=90.55
[FSM] EMPTY -> ENTRY
[SAMPLE] id=20,t_ms=305,distance_cm=79.83
[SAMPLE] id=20,t_ms=610,distance_cm=69.10
[EVENT] VEHICLE_ENTERED | Started: 176431 ms
[FSM] ENTRY -> OCCUPIED
[SAMPLE] id=20,t_ms=915,distance_cm=61.62
[SAMPLE] id=20,t_ms=1219,distance_cm=55.33
[SAMPLE] id=20,t_ms=1522,distance_cm=48.96
[SAMPLE] id=20,t_ms=1826,distance_cm=46.91
[SAMPLE] id=20,t_ms=2130,distance_cm=50.73
[SAMPLE] id=20,t_ms=2435,distance_cm=54.54
[SAMPLE] id=20,t_ms=2739,distance_cm=58.86
[SAMPLE] id=20,t_ms=3043,distance_cm=68.05
[SAMPLE] id=20,t_ms=3349,distance_cm=77.33
[SAMPLE] id=20,t_ms=3654,distance_cm=86.57
[FSM] OCCUPIED -> EXIT
[EVENT] VEHICLE_EXITED | Total: 20
[PASSAGE_END] id=20,end_ms=181022
[FSM] EXIT -> EMPTY
[PASSAGE_START] id=21,start_ms=185385
[SAMPLE] id=21,t_ms=0,distance_cm=92.97
[FSM] EMPTY -> ENTRY
[SAMPLE] id=21,t_ms=306,distance_cm=84.00
[SAMPLE] id=21,t_ms=612,distance_cm=75.05
[EVENT] VEHICLE_ENTERED | Started: 185385 ms
[FSM] ENTRY -> OCCUPIED
[SAMPLE] id=21,t_ms=917,distance_cm=67.13
[SAMPLE] id=21,t_ms=1222,distance_cm=61.83
[SAMPLE] id=21,t_ms=1526,distance_cm=56.54
[SAMPLE] id=21,t_ms=1829,distance_cm=51.33
[SAMPLE] id=21,t_ms=2133,distance_cm=50.63
[SAMPLE] id=21,t_ms=2438,distance_cm=53.78
[SAMPLE] id=21,t_ms=2742,distance_cm=56.94
[SAMPLE] id=21,t_ms=3046,distance_cm=60.09
[SAMPLE] id=21,t_ms=3350,distance_cm=66.92
[SAMPLE] id=21,t_ms=3656,distance_cm=74.59
[SAMPLE] id=21,t_ms=3961,distance_cm=82.30
[SAMPLE] id=21,t_ms=4268,distance_cm=90.02
[FSM] OCCUPIED -> EXIT
[EVENT] VEHICLE_EXITED | Total: 21
[PASSAGE_END] id=21,end_ms=190589
[FSM] EXIT -> EMPTY
[PASSAGE_START] id=22,start_ms=194328
[SAMPLE] id=22,t_ms=0,distance_cm=94.39
[FSM] EMPTY -> ENTRY
[SAMPLE] id=22,t_ms=306,distance_cm=83.71
[SAMPLE] id=22,t_ms=612,distance_cm=73.09
[EVENT] VEHICLE_ENTERED | Started: 194328 ms
[FSM] ENTRY -> OCCUPIED
[SAMPLE] id=22,t_ms=916,distance_cm=64.64
[SAMPLE] id=22,t_ms=1221,distance_cm=58.33
[SAMPLE] id=22,t_ms=1524,distance_cm=52.07
[SAMPLE] id=22,t_ms=1828,distance_cm=48.81
[SAMPLE] id=22,t_ms=2132,distance_cm=52.51
[SAMPLE] id=22,t_ms=2437,distance_cm=56.30
[SAMPLE] id=22,t_ms=2741,distance_cm=60.54
[SAMPLE] id=22,t_ms=3045,distance_cm=69.63
[SAMPLE] id=22,t_ms=3351,distance_cm=78.86
[SAMPLE] id=22,t_ms=3657,distance_cm=88.05
[FSM] OCCUPIED -> EXIT
[EVENT] VEHICLE_EXITED | Total: 22
[PASSAGE_END] id=22,end_ms=198921
[FSM] EXIT -> EMPTY
[PASSAGE_START] id=23,start_ms=203595
[SAMPLE] id=23,t_ms=0,distance_cm=85.97
[FSM] EMPTY -> ENTRY
[SAMPLE] id=23,t_ms=306,distance_cm=76.73
[SAMPLE] id=23,t_ms=610,distance_cm=67.47
[EVENT] VEHICLE_ENTERED | Started: 203595 ms
[FSM] ENTRY -> OCCUPIED
[SAMPLE] id=23,t_ms=915,distance_cm=61.09
[SAMPLE] id=23,t_ms=1219,distance_cm=55.62
[SAMPLE] id=23,t_ms=1522,distance_cm=50.20
[SAMPLE] id=23,t_ms=1826,distance_cm=44.74
[SAMPLE] id=23,t_ms=2129,distance_cm=45.98
[SAMPLE] id=23,t_ms=2433,distance_cm=49.25
[SAMPLE] id=23,t_ms=2737,distance_cm=52.51
[SAMPLE] id=23,t_ms=3042,distance_cm=55.81
[SAMPLE] id=23,t_ms=3346,distance_cm=62.72
[SAMPLE] id=23,t_ms=3652,distance_cm=70.68
[SAMPLE] id=23,t_ms=3957,distance_cm=78.65
[SAMPLE] id=23,t_ms=4262,distance_cm=86.61
[FSM] OCCUPIED -> EXIT
[EVENT] VEHICLE_EXITED | Total: 23
[PASSAGE_END] id=23,end_ms=208794
[FSM] EXIT -> EMPTY
[PASSAGE_START] id=24,start_ms=212533
[SAMPLE] id=24,t_ms=0,distance_cm=88.10
[FSM] EMPTY -> ENTRY
[SAMPLE] id=24,t_ms=305,distance_cm=78.91
[SAMPLE] id=24,t_ms=609,distance_cm=69.78
[EVENT] VEHICLE_ENTERED | Started: 212533 ms
[FSM] ENTRY -> OCCUPIED
[SAMPLE] id=24,t_ms=914,distance_cm=62.91
[SAMPLE] id=24,t_ms=1219,distance_cm=57.44
[SAMPLE] id=24,t_ms=1522,distance_cm=52.07
[SAMPLE] id=24,t_ms=1826,distance_cm=46.67
[SAMPLE] id=24,t_ms=2130,distance_cm=47.21
[SAMPLE] id=24,t_ms=2434,distance_cm=50.49
[SAMPLE] id=24,t_ms=2739,distance_cm=53.70
[SAMPLE] id=24,t_ms=3043,distance_cm=56.94
[SAMPLE] id=24,t_ms=3347,distance_cm=63.75
[SAMPLE] id=24,t_ms=3653,distance_cm=71.65
[SAMPLE] id=24,t_ms=3958,distance_cm=79.54
[SAMPLE] id=24,t_ms=4265,distance_cm=87.45
[FSM] OCCUPIED -> EXIT
[EVENT] VEHICLE_EXITED | Total: 24
[PASSAGE_END] id=24,end_ms=217734
[FSM] EXIT -> EMPTY
[PASSAGE_START] id=25,start_ms=221473
[SAMPLE] id=25,t_ms=0,distance_cm=89.52
[FSM] EMPTY -> ENTRY
[SAMPLE] id=25,t_ms=305,distance_cm=78.86
[SAMPLE] id=25,t_ms=609,distance_cm=68.41
[EVENT] VEHICLE_ENTERED | Started: 221473 ms
[FSM] ENTRY -> OCCUPIED
[SAMPLE] id=25,t_ms=914,distance_cm=62.12
[SAMPLE] id=25,t_ms=1218,distance_cm=55.86
[SAMPLE] id=25,t_ms=1521,distance_cm=49.60
[SAMPLE] id=25,t_ms=1825,distance_cm=52.56
[SAMPLE] id=25,t_ms=2130,distance_cm=56.30
[SAMPLE] id=25,t_ms=2434,distance_cm=60.09
[SAMPLE] id=25,t_ms=2738,distance_cm=68.15
[SAMPLE] id=25,t_ms=3044,distance_cm=77.33
[SAMPLE] id=25,t_ms=3349,distance_cm=86.52
[FSM] OCCUPIED -> EXIT
[EVENT] VEHICLE_EXITED | Total: 25
[PASSAGE_END] id=25,end_ms=225759
[FSM] EXIT -> EMPTY
[PASSAGE_START] id=26,start_ms=230434
[SAMPLE] id=26,t_ms=0,distance_cm=91.65
[FSM] EMPTY -> ENTRY
[SAMPLE] id=26,t_ms=306,distance_cm=82.06
[SAMPLE] id=26,t_ms=612,distance_cm=72.54
[EVENT] VEHICLE_ENTERED | Started: 230434 ms
[FSM] ENTRY -> OCCUPIED
[SAMPLE] id=26,t_ms=916,distance_cm=66.23
[SAMPLE] id=26,t_ms=1221,distance_cm=60.64
[SAMPLE] id=26,t_ms=1525,distance_cm=54.97
[SAMPLE] id=26,t_ms=1829,distance_cm=54.88
[SAMPLE] id=26,t_ms=2133,distance_cm=58.22
[SAMPLE] id=26,t_ms=2437,distance_cm=61.62
[SAMPLE] id=26,t_ms=2741,distance_cm=66.83
[SAMPLE] id=26,t_ms=3047,distance_cm=75.05
[SAMPLE] id=26,t_ms=3352,distance_cm=83.26
[SAMPLE] id=26,t_ms=3659,distance_cm=91.51
[FSM] OCCUPIED -> EXIT
[EVENT] VEHICLE_EXITED | Total: 26
[PASSAGE_END] id=26,end_ms=235029
[FSM] EXIT -> EMPTY
[PASSAGE_START] id=27,start_ms=239392
[SAMPLE] id=27,t_ms=0,distance_cm=92.42
[FSM] EMPTY -> ENTRY
[SAMPLE] id=27,t_ms=306,distance_cm=82.01
[SAMPLE] id=27,t_ms=612,distance_cm=71.65
[EVENT] VEHICLE_ENTERED | Started: 239392 ms
[FSM] ENTRY -> OCCUPIED
[SAMPLE] id=27,t_ms=916,distance_cm=64.38
[SAMPLE] id=27,t_ms=1221,distance_cm=58.28
[SAMPLE] id=27,t_ms=1524,distance_cm=52.17
[SAMPLE] id=27,t_ms=1828,distance_cm=51.23
[SAMPLE] id=27,t_ms=2133,distance_cm=54.88
[SAMPLE] id=27,t_ms=2437,distance_cm=58.57
[SAMPLE] id=27,t_ms=2741,distance_cm=63.94
[SAMPLE] id=27,t_ms=3047,distance_cm=72.89
[SAMPLE] id=27,t_ms=3352,distance_cm=81.81
[SAMPLE] id=27,t_ms=3659,distance_cm=90.76
[FSM] OCCUPIED -> EXIT
[EVENT] VEHICLE_EXITED | Total: 27
[PASSAGE_END] id=27,end_ms=243987
[FSM] EXIT -> EMPTY
[PASSAGE_START] id=28,start_ms=248350
[SAMPLE] id=28,t_ms=0,distance_cm=94.15
[FSM] EMPTY -> ENTRY
[SAMPLE] id=28,t_ms=306,distance_cm=85.03
[SAMPLE] id=28,t_ms=612,distance_cm=75.99
[EVENT] VEHICLE_ENTERED | Started: 248350 ms
[FSM] ENTRY -> OCCUPIED
[SAMPLE] id=28,t_ms=917,distance_cm=68.10
[SAMPLE] id=28,t_ms=1222,distance_cm=62.72
[SAMPLE] id=28,t_ms=1527,distance_cm=57.35
[SAMPLE] id=28,t_ms=1830,distance_cm=52.02
[SAMPLE] id=28,t_ms=2135,distance_cm=53.59
[SAMPLE] id=28,t_ms=2439,distance_cm=56.80
[SAMPLE] id=28,t_ms=2743,distance_cm=59.99
[SAMPLE] id=28,t_ms=3047,distance_cm=64.54
[SAMPLE] id=28,t_ms=3353,distance_cm=72.36
[SAMPLE] id=28,t_ms=3658,distance_cm=80.18
[SAMPLE] id=28,t_ms=3965,distance_cm=88.00
[FSM] OCCUPIED -> EXIT
[EVENT] VEHICLE_EXITED | Total: 28
[PASSAGE_END] id=28,end_ms=253251
[FSM] EXIT -> EMPTY
[PASSAGE_START] id=29,start_ms=257613
[SAMPLE] id=29,t_ms=0,distance_cm=85.48
[FSM] EMPTY -> ENTRY
[SAMPLE] id=29,t_ms=306,distance_cm=75.55
[SAMPLE] id=29,t_ms=610,distance_cm=67.42
[EVENT] VEHICLE_ENTERED | Started: 257613 ms
[FSM] ENTRY -> OCCUPIED
[SAMPLE] id=29,t_ms=915,distance_cm=61.53
[SAMPLE] id=29,t_ms=1219,distance_cm=55.72
[SAMPLE] id=29,t_ms=1522,distance_cm=52.20
[SAMPLE] id=29,t_ms=1827,distance_cm=55.72
[SAMPLE] id=29,t_ms=2131,distance_cm=59.20
[SAMPLE] id=29,t_ms=2435,distance_cm=63.01
[SAMPLE] id=29,t_ms=2741,distance_cm=71.60
[SAMPLE] id=29,t_ms=3046,distance_cm=80.12
[SAMPLE] id=29,t_ms=3353,distance_cm=88.79
[FSM] OCCUPIED -> EXIT
[EVENT] VEHICLE_EXITED | Total: 29
[PASSAGE_END] id=29,end_ms=261902
[FSM] EXIT -> EMPTY
[PASSAGE_START] id=30,start_ms=266576
[SAMPLE] id=30,t_ms=0,distance_cm=84.60
[FSM] EMPTY -> ENTRY
[SAMPLE] id=30,t_ms=306,distance_cm=72.99
[SAMPLE] id=30,t_ms=610,distance_cm=63.30
[EVENT] VEHICLE_ENTERED | Started: 266576 ms
[FSM] ENTRY -> OCCUPIED
[SAMPLE] id=30,t_ms=915,distance_cm=56.41
[SAMPLE] id=30,t_ms=1218,distance_cm=49.55
[SAMPLE] id=30,t_ms=1522,distance_cm=46.17
[SAMPLE] id=30,t_ms=1826,distance_cm=50.28
[SAMPLE] id=30,t_ms=2131,distance_cm=54.43
[SAMPLE] id=30,t_ms=2435,distance_cm=59.90
[SAMPLE] id=30,t_ms=2739,distance_cm=69.89
[SAMPLE] id=30,t_ms=3045,distance_cm=79.94
[SAMPLE] id=30,t_ms=3352,distance_cm=90.02
[FSM] OCCUPIED -> EXIT
[EVENT] VEHICLE_EXITED | Total: 30
[PASSAGE_END] id=30,end_ms=270864
[FSM] EXIT -> EMPTY
[PASSAGE_START] id=31,start_ms=275539
[SAMPLE] id=31,t_ms=0,distance_cm=87.50
[FSM] EMPTY -> ENTRY
[SAMPLE] id=31,t_ms=305,distance_cm=77.86
[SAMPLE] id=31,t_ms=609,distance_cm=68.26
[EVENT] VEHICLE_ENTERED | Started: 275539 ms
[FSM] ENTRY -> OCCUPIED
[SAMPLE] id=31,t_ms=914,distance_cm=61.48
[SAMPLE] id=31,t_ms=1218,distance_cm=55.81
[SAMPLE] id=31,t_ms=1521,distance_cm=50.15
[SAMPLE] id=31,t_ms=1825,distance_cm=44.50
[SAMPLE] id=31,t_ms=2128,distance_cm=47.35
[SAMPLE] id=31,t_ms=2432,distance_cm=50.78
[SAMPLE] id=31,t_ms=2737,distance_cm=54.18
[SAMPLE] id=31,t_ms=3041,distance_cm=58.33
[SAMPLE] id=31,t_ms=3345,distance_cm=66.63
[SAMPLE] id=31,t_ms=3651,distance_cm=74.91
[SAMPLE] id=31,t_ms=3956,distance_cm=83.21
[SAMPLE] id=31,t_ms=4263,distance_cm=91.51
[FSM] OCCUPIED -> EXIT
[EVENT] VEHICLE_EXITED | Total: 31
[PASSAGE_END] id=31,end_ms=280738
[FSM] EXIT -> EMPTY
[PASSAGE_START] id=32,start_ms=284477
[SAMPLE] id=32,t_ms=0,distance_cm=89.73
[FSM] EMPTY -> ENTRY
[SAMPLE] id=32,t_ms=305,distance_cm=80.12
[SAMPLE] id=32,t_ms=611,distance_cm=70.52
[EVENT] VEHICLE_ENTERED | Started: 284477 ms
[FSM] ENTRY -> OCCUPIED
[SAMPLE] id=32,t_ms=915,distance_cm=63.54
[SAMPLE] id=32,t_ms=1220,distance_cm=57.88
[SAMPLE] id=32,t_ms=1523,distance_cm=52.20
[SAMPLE] id=32,t_ms=1827,distance_cm=47.30
[SAMPLE] id=32,t_ms=2131,distance_cm=50.68
[SAMPLE] id=32,t_ms=2436,distance_cm=54.09
[SAMPLE] id=32,t_ms=2740,distance_cm=57.49
[SAMPLE] id=32,t_ms=3044,distance_cm=63.25
[SAMPLE] id=32,t_ms=3350,distance_cm=71.52
[SAMPLE] id=32,t_ms=3655,distance_cm=79.78
[SAMPLE] id=32,t_ms=3962,distance_cm=88.10
[FSM] OCCUPIED -> EXIT
[EVENT] VEHICLE_EXITED | Total: 32
[PASSAGE_END] id=32,end_ms=289375
[FSM] EXIT -> EMPTY
[PASSAGE_START] id=33,start_ms=293426
[SAMPLE] id=33,t_ms=0,distance_cm=91.51
[FSM] EMPTY -> ENTRY
[SAMPLE] id=33,t_ms=306,distance_cm=82.54
[SAMPLE] id=33,t_ms=612,distance_cm=73.57
[EVENT] VEHICLE_ENTERED | Started: 293426 ms
[FSM] ENTRY -> OCCUPIED
[SAMPLE] id=33,t_ms=916,distance_cm=65.94
[SAMPLE] id=33,t_ms=1221,distance_cm=60.44
[SAMPLE] id=33,t_ms=1525,distance_cm=55.17
[SAMPLE] id=33,t_ms=1828,distance_cm=49.89
[SAMPLE] id=33,t_ms=2132,distance_cm=48.81
[SAMPLE] id=33,t_ms=2436,distance_cm=51.67
[SAMPLE] id=33,t_ms=2741,distance_cm=54.88
[SAMPLE] id=33,t_ms=3045,distance_cm=58.02
[SAMPLE] id=33,t_ms=3349,distance_cm=63.99
[SAMPLE] id=33,t_ms=3655,distance_cm=71.76
[SAMPLE] id=33,t_ms=3960,distance_cm=79.49
[SAMPLE] id=33,t_ms=4266,distance_cm=87.21
[FSM] OCCUPIED -> EXIT
[EVENT] VEHICLE_EXITED | Total: 33
[PASSAGE_END] id=33,end_ms=298629
[FSM] EXIT -> EMPTY