ESP-ROM:esp32s3-20210327
Build:Mar 27 2021
rst:0x1 (POWERON),boot:0x8 (SPI_FAST_FLASH_BOOT)
SPIWP:0xee
mode:DIO, clock div:1
load:0x3fce3808,len:0x370
load:0x403c9700,len:0x900
load:0x403cc700,len:0x2364
entry 0x403c98ac
[SYSTEM] System initialized
[FSM] UNKNOWN -> EMPTY
[PASSAGE_START] id=1,start_ms=5181
[SAMPLE] id=1,t_ms=0,distance_cm=88.10
[FSM] EMPTY -> ENTRY
[SAMPLE] id=1,t_ms=305,distance_cm=76.83
[SAMPLE] id=1,t_ms=609,distance_cm=68.65
[EVENT] VEHICLE_ENTERED | Started: 5181 ms
[FSM] ENTRY -> OCCUPIED
[SAMPLE] id=1,t_ms=914,distance_cm=63.15
[SAMPLE] id=1,t_ms=1219,distance_cm=57.68
[SAMPLE] id=1,t_ms=1523,distance_cm=61.93
[SAMPLE] id=1,t_ms=1827,distance_cm=66.83
[SAMPLE] id=1,t_ms=2133,distance_cm=73.97
[SAMPLE] id=1,t_ms=2438,distance_cm=81.57
[SAMPLE] id=1,t_ms=2745,distance_cm=89.13
[FSM] OCCUPIED -> EXIT
[EVENT] VEHICLE_EXITED | Total: 1
[PASSAGE_END] id=1,end_ms=8862
[FEATURES] duration_ms=3681,min_cm=57.68,max_cm=89.13,mean_cm=72.78,std_cm=10.43,range_cm=31.45,mean_delta_cm=6.88,valid_samples=10
[ML] prediction=MOTORCYCLE
[FSM] EXIT -> EMPTY
[PASSAGE_START] id=2,start_ms=14176
[SAMPLE] id=2,t_ms=0,distance_cm=88.89
[FSM] EMPTY -> ENTRY
[SAMPLE] id=2,t_ms=305,distance_cm=79.20
[SAMPLE] id=2,t_ms=609,distance_cm=69.63
[EVENT] VEHICLE_ENTERED | Started: 14176 ms
[FSM] ENTRY -> OCCUPIED
[SAMPLE] id=2,t_ms=914,distance_cm=64.93
[SAMPLE] id=2,t_ms=1219,distance_cm=60.25
[SAMPLE] id=2,t_ms=1523,distance_cm=55.51
[SAMPLE] id=2,t_ms=1827,distance_cm=58.28
[SAMPLE] id=2,t_ms=2131,distance_cm=62.46
[SAMPLE] id=2,t_ms=2435,distance_cm=67.26
[SAMPLE] id=2,t_ms=2741,distance_cm=73.78
[SAMPLE] id=2,t_ms=3046,distance_cm=80.28
[SAMPLE] id=2,t_ms=3352,distance_cm=86.81
[SAMPLE] id=2,t_ms=3659,distance_cm=93.36
[FSM] OCCUPIED -> EXIT
[EVENT] VEHICLE_EXITED | Total: 2
[PASSAGE_END] id=2,end_ms=18771
[FEATURES] duration_ms=4595,min_cm=55.51,max_cm=93.36,mean_cm=72.36,std_cm=11.93,range_cm=37.85,mean_delta_cm=5.94,valid_samples=13
[ML] prediction=MOTORCYCLE
[FSM] EXIT -> EMPTY
[PASSAGE_START] id=3,start_ms=23149
[SAMPLE] id=3,t_ms=0,distance_cm=89.47
[FSM] EMPTY -> ENTRY
[SAMPLE] id=3,t_ms=305,distance_cm=78.86
[SAMPLE] id=3,t_ms=609,distance_cm=69.59
[EVENT] VEHICLE_ENTERED | Started: 23149 ms
[FSM] ENTRY -> OCCUPIED
[SAMPLE] id=3,t_ms=914,distance_cm=64.43
[SAMPLE] id=3,t_ms=1219,distance_cm=59.25
[SAMPLE] id=3,t_ms=1523,distance_cm=58.28
[SAMPLE] id=3,t_ms=1827,distance_cm=62.85
[SAMPLE] id=3,t_ms=2132,distance_cm=67.86
[SAMPLE] id=3,t_ms=2438,distance_cm=74.96
[SAMPLE] id=3,t_ms=2743,distance_cm=82.10
[SAMPLE] id=3,t_ms=3050,distance_cm=89.23
[FSM] OCCUPIED -> EXIT
[EVENT] VEHICLE_EXITED | Total: 3
[PASSAGE_END] id=3,end_ms=27135
[FEATURES] duration_ms=3986,min_cm=58.28,max_cm=89.47,mean_cm=72.44,std_cm=10.76,range_cm=31.20,mean_delta_cm=6.22,valid_samples=11
[ML] prediction=MOTORCYCLE
[FSM] EXIT -> EMPTY